// Jest Snapshot v1, https://goo.gl/fbAQLP

exports[`<Header /> should render correctly 1`] = `
<header
  className="flex align-center justify-between px4"
>
  <div
    className="flex"
  >
    <h1
      className="h1"
    >
      my recipes
    </h1>
    <span
      style={
        Object {
          "margin": "50px 10px",
        }
      }
    >
      <img
        alt="food logo"
        className="circle"
        src="test-file-stub"
        style={
          Object {
            "width": 80,
          }
        }
      />
    </span>
  </div>
  <nav
    className="mt4"
  >
    <a
      aria-current="page"
      className="p1 mx2 black text-decoration-none rounded bg-white"
      href="/"
      onClick={[Function]}
      style={Object {}}
    >
      Home
    </a>
    <a
      aria-current={null}
      className="p1 mx2 black text-decoration-none rounded"
      href="/favorites"
      onClick={[Function]}
    >
      Favorites
    </a>
  </nav>
</header>
`;
